// Vitest Snapshot v1, https://vitest.dev/guide/snapshot.html

exports[`OSB Collection Log Groups/Categories 1`] = `
"Abyssal Sire (9)
Achievement Diary (48)
Aerial Fishing (9)
Alchemical Hydra (11)
All Pets (62)
Amoxliatl (4)
Araxxor (10)
Barbarian Assault (11)
Barrows Chests (25)
Beginner Treasure Trails (16)
Brimhaven Agility Arena (9)
Bryophyta (1)
Callisto and Artio (6)
Camdozaal (10)
Capes (143)
Castle Wars (39)
Cerberus (7)
Chambers of Xeric (23)
Champion's Challenge (11)
Chaos Druids (3)
Chaos Elemental (3)
Chaos Fanatic (3)
Chompy Birds (19)
Colossal Wyrm Agility (8)
Commander Zilyana (8)
Corporeal Beast (7)
Crazy archaeologist (3)
Creatables (619)
Creature Creation (7)
Cyclopes (8)
Dagannoth Kings (10)
Daily (25)
Duke Sucellus (10)
Easy Treasure Trails (131)
Elite Treasure Trail Rewards (Rare) (39)
Elite Treasure Trails (59)
Farming (143)
Fishing Trawler (4)
Forestry (23)
Fortis Colosseum (9)
Fossil Island Notes (10)
General Graardor (8)
Giant Mole (3)
Giants' Foundry (9)
Glough's Experiments (6)
Gnome Restaurant (4)
God Wars Dungeon (35)
Graceful (66)
Grotesque Guardians (7)
Guardians of the Rift (17)
Hallowed Sepulchre (16)
Hard Treasure Trail Rewards (Rare) (24)
Hard Treasure Trails (134)
Hespori (4)
Implings (12)
K'ril Tsutsaroth (8)
Kalphite Queen (6)
King Black Dragon (4)
Kraken (4)
Kree'arra (8)
Last Man Standing (32)
Leagues (28)
Magic Training Arena (10)
Mahogany Homes (8)
Master Treasure Trail Rewards (Rare) (45)
Master Treasure Trails (49)
Medium Treasure Trails (115)
Miscellaneous (54)
Monkey Backpacks (6)
Motherlode Mine (6)
My Notes (26)
Nex (8)
Obor (1)
Pest Control (10)
Phantom Muspah (6)
Quest (17)
Random Events (23)
Rare Treasure Trail Rewards (47)
Revenants (14)
Rogues' Den (5)
Rooftop Agility (7)
Royal Titans (7)
Sarachnis (4)
Scorpia (3)
Scurrius (2)
Shades of Mort'ton (14)
Shared Treasure Trail Rewards (49)
Shayzien Armour (25)
Shooting Stars (2)
Skilling (41)
Skilling Pets (8)
Skotizo (6)
Slayer (80)
Soul Wars (3)
Temple Trekking (4)
Tempoross (12)
The Fight Caves (2)
The Forgotten Four (25)
The Gauntlet (5)
The Hueycoatl (6)
The Inferno (2)
The Leviathan (10)
The Nightmare (12)
The Whisperer (10)
Theatre of Blood (17)
Thermonuclear smoke devil (5)
Tithe Farm (7)
Tombs of Amascut (26)
Tormented Demons (3)
Trouble Brewing (30)
TzHaar (10)
Vardorvis (10)
Venenatis and Spindel (6)
Vet'ion and Calvar'ion (6)
Volcanic Mine (4)
Vorkath (6)
Wintertodt (10)
Zalcano (4)
Zulrah (10)"
`;

exports[`OSB Overall Collection Log Items 1`] = `
"3rd age amulet
3rd age axe
3rd age bow
3rd age cloak
3rd age druidic cloak
3rd age druidic robe bottoms
3rd age druidic robe top
3rd age druidic staff
3rd age full helmet
3rd age kiteshield
3rd age longsword
3rd age mage hat
3rd age pickaxe
3rd age platebody
3rd age platelegs
3rd age plateskirt
3rd age range coif
3rd age range legs
3rd age range top
3rd age robe
3rd age robe top
3rd age vambraces
3rd age wand
A powdered wig
Abyssal blue dye
Abyssal dagger
Abyssal green dye
Abyssal head
Abyssal lantern
Abyssal needle
Abyssal orphan
Abyssal pearls
Abyssal protector
Abyssal red dye
Abyssal whip
Adamant boots
Adamant cane
Adamant defender
Adamant dragon mask
Adamant full helm (g)
Adamant full helm (t)
Adamant helm (h1)
Adamant helm (h2)
Adamant helm (h3)
Adamant helm (h4)
Adamant helm (h5)
Adamant kiteshield (g)
Adamant kiteshield (t)
Adamant platebody (g)
Adamant platebody (h1)
Adamant platebody (h2)
Adamant platebody (h3)
Adamant platebody (h4)
Adamant platebody (h5)
Adamant platebody (t)
Adamant platelegs (g)
Adamant platelegs (t)
Adamant plateskirt (g)
Adamant plateskirt (t)
Adamant shield (h1)
Adamant shield (h2)
Adamant shield (h3)
Adamant shield (h4)
Adamant shield (h5)
Afro
Agility arena ticket
Ahrim's hood
Ahrim's robeskirt
Ahrim's robetop
Ahrim's staff
Alchemical hydra heads
Ale of the gods
Amulet of avarice
Amulet of defence (t)
Amulet of eternal glory
Amulet of glory (t4)
Amulet of magic (t)
Amulet of power (t)
Amulet of the damned (full)
Amy's saw
Ancestral hat
Ancestral robe bottom
Ancestral robe top
Ancient astroscope
Ancient blessing
Ancient bracers
Ancient carcanet
Ancient ceremonial boots
Ancient ceremonial gloves
Ancient ceremonial legs
Ancient ceremonial mask
Ancient ceremonial top
Ancient chaps
Ancient cloak
Ancient coif
Ancient crozier
Ancient crystal
Ancient d'hide body
Ancient d'hide boots
Ancient d'hide shield
Ancient effigy
Ancient emblem
Ancient essence
Ancient full helm
Ancient globe
Ancient halo
Ancient hilt
Ancient icon
Ancient kiteshield
Ancient ledger
Ancient medallion
Ancient mitre
Ancient note
Ancient page
Ancient page
Ancient page
Ancient page
Ancient page
Ancient page
Ancient page
Ancient page
Ancient page
Ancient page
Ancient page
Ancient page
Ancient page
Ancient page
Ancient page
Ancient page
Ancient page
Ancient page
Ancient page
Ancient page
Ancient page
Ancient page
Ancient page
Ancient page
Ancient page
Ancient page
Ancient page 1
Ancient page 2
Ancient page 3
Ancient page 4
Ancient platebody
Ancient platelegs
Ancient plateskirt
Ancient relic
Ancient remnant
Ancient robe legs
Ancient robe top
Ancient shard
Ancient statuette
Ancient stole
Ancient totem
Ancient treatise
Ancient writings
Angler boots
Angler hat
Angler top
Angler waders
Anguish ornament kit
Ankou gloves
Ankou mask
Ankou socks
Ankou top
Ankou's leggings
Apprentice wand
Aranea boots
Araxyte fang
Araxyte head
Araxyte venom sack
Arcane prayer scroll
Arcane sigil
Arceuus banner
Arceuus hood
Arceuus scarf
Archers ring
Armadyl bracers
Armadyl chainskirt
Armadyl chaps
Armadyl chestplate
Armadyl cloak
Armadyl coif
Armadyl crossbow
Armadyl crozier
Armadyl d'hide body
Armadyl d'hide boots
Armadyl d'hide shield
Armadyl full helm
Armadyl godsword ornament kit
Armadyl halo
Armadyl helmet
Armadyl hilt
Armadyl kiteshield
Armadyl mitre
Armadyl page 1
Armadyl page 2
Armadyl page 3
Armadyl page 4
Armadyl platebody
Armadyl platelegs
Armadyl plateskirt
Armadyl robe legs
Armadyl robe top
Armadyl stole
Ash covered tome
Attas seed
Avernic defender hilt
Awakener's orb
Baby chinchompa
Baby mole
Ballista limbs
Ballista spring
Bandos boots
Bandos bracers
Bandos chaps
Bandos chestplate
Bandos cloak
Bandos coif
Bandos crozier
Bandos d'hide body
Bandos d'hide boots
Bandos d'hide shield
Bandos full helm
Bandos godsword ornament kit
Bandos halo
Bandos hilt
Bandos kiteshield
Bandos mitre
Bandos page 1
Bandos page 2
Bandos page 3
Bandos page 4
Bandos platebody
Bandos platelegs
Bandos plateskirt
Bandos robe legs
Bandos robe top
Bandos stole
Bandos tassets
Baron
Barronite guard
Barronite handle
Barronite head
Barronite mace
Basilisk head
Basilisk jaw
Beanie
Bear feet
Beaver
Beekeeper's boots
Beekeeper's gloves
Beekeeper's hat
Beekeeper's legs
Beekeeper's top
Beginner wand
Bellator vestige
Berserker necklace ornament kit
Berserker ring
Big bass
Big harpoonfish
Big pirate hat
Big shark
Big swordfish
Black beret
Black boater
Black boots
Black cane
Black cavalier
Black d'hide body (g)
Black d'hide body (t)
Black d'hide chaps (g)
Black d'hide chaps (t)
Black defender
Black demon mask
Black dragon mask
Black elegant legs
Black elegant shirt
Black full helm (g)
Black full helm (t)
Black headband
Black helm (h1)
Black helm (h2)
Black helm (h3)
Black helm (h4)
Black helm (h5)
Black kiteshield (g)
Black kiteshield (t)
Black leprechaun hat
Black locks
Black mask (10)
Black naval shirt
Black navy slacks
Black pickaxe
Black platebody (g)
Black platebody (h1)
Black platebody (h2)
Black platebody (h3)
Black platebody (h4)
Black platebody (h5)
Black platebody (t)
Black platelegs (g)
Black platelegs (t)
Black plateskirt (g)
Black plateskirt (t)
Black satchel
Black shield (h1)
Black shield (h2)
Black shield (h3)
Black shield (h4)
Black shield (h5)
Black skirt (g)
Black skirt (t)
Black tourmaline core
Black tricorn hat
Black unicorn mask
Black wizard hat (g)
Black wizard hat (t)
Black wizard robe (g)
Black wizard robe (t)
Blacksmith's helm
Blood quartz
Blood shard
Bloodhound
Bloody notes
Bludgeon axon
Bludgeon claw
Bludgeon spine
Blue beret
Blue boater
Blue d'hide body (g)
Blue d'hide body (t)
Blue d'hide chaps (g)
Blue d'hide chaps (t)
Blue dark bow paint
Blue dragon mask
Blue egg sac
Blue elegant blouse
Blue elegant legs
Blue elegant shirt
Blue elegant skirt
Blue firelighter
Blue headband
Blue naval shirt
Blue navy slacks
Blue rum (trouble brewing)
Blue skirt (g)
Blue skirt (t)
Blue tricorn hat
Blue wizard hat (g)
Blue wizard hat (t)
Blue wizard robe (g)
Blue wizard robe (t)
Bob's black shirt
Bob's blue shirt
Bob's green shirt
Bob's purple shirt
Bob's red shirt
Bolt rack
Boots of darkness
Boots of the eye
Bottom of sceptre
Bottomless compost bucket
Bowl wig
Bracelet of ethereum (uncharged)
Bran
Brassica halo
Breach of the scarab
Briefcase
Brimhaven graceful boots
Brimhaven graceful cape
Brimhaven graceful gloves
Brimhaven graceful hood
Brimhaven graceful legs
Brimhaven graceful top
Brimhaven voucher
Brine sabre
Broken dragon hasta
Broken zombie axe
Broken zombie helmet
Bronze boots
Bronze defender
Bronze dragon mask
Bronze fist flag
Bronze full helm (g)
Bronze full helm (t)
Bronze kiteshield (g)
Bronze kiteshield (t)
Bronze locks
Bronze platebody (g)
Bronze platebody (t)
Bronze platelegs (g)
Bronze platelegs (t)
Bronze plateskirt (g)
Bronze plateskirt (t)
Brown headband
Brown naval shirt
Brown navy slacks
Brown tricorn hat
Bruma torch
Bryophyta's essence
Bucket helm
Bucket helm (g)
Builders supply crate
Burning claw
Burnt page
Butch
Cabbage round shield
Cache of runes
Calcified acorn
Callisto cub
Camo bottoms
Camo helmet
Camo top
Cape of skulls
Cape pouch
Carpenter's boots
Carpenter's helmet
Carpenter's shirt
Carpenter's trousers
Cat mask
Catalytic talisman
Celestial ring (uncharged)
Champion's cape
Charge dragonstone jewellery scroll
Charged ice
Chewed bones
Chompy bird hat (bowman)
Chompy bird hat (bowmaster)
Chompy bird hat (dragon archer)
Chompy bird hat (expert dragon archer)
Chompy bird hat (expert ogre dragon archer)
Chompy bird hat (expert)
Chompy bird hat (forester)
Chompy bird hat (marksman)
Chompy bird hat (ogre bowman)
Chompy bird hat (ogre bowmaster)
Chompy bird hat (ogre dragon archer)
Chompy bird hat (ogre expert)
Chompy bird hat (ogre forester)
Chompy bird hat (ogre marksman)
Chompy bird hat (ogre woodsman)
Chompy bird hat (ogre yeoman)
Chompy bird hat (woodsman)
Chompy bird hat (yeoman)
Chompy chick
Chromium ingot
Claws of callisto
Climbing boots (g)
Clothes pouch blueprint
Coagulated venom
Coal bag
Cockatrice head
Colossal blade
Colossal wyrm teleport scroll
Craw's bow (u)
Crawling hand
Crier bell
Crier coat
Crier hat
Crystal armour seed
Crystal grail
Crystal tool seed
Crystal weapon seed
Cursed phalanx
Curved bone
Cutthroat flag
Cyclops head
Dagon'hai hat
Dagon'hai robe bottom
Dagon'hai robe top
Dark acorn
Dark bow
Dark bow tie
Dark cavalier
Dark claw
Dark dye
Dark infinity colour kit
Dark relic
Dark totem
Dark totem base
Dark totem middle
Dark totem top
Dark trousers
Dark tuxedo cuffs
Dark tuxedo jacket
Dark tuxedo shoes
Deadeye prayer scroll
Deadman's cape
Deadman's chest
Deadman's legs
Decorative magic hat
Decorative magic robe
Decorative magic top
Decorative quiver
Decorative ranged legs
Decorative ranged top
Deerstalker
Demon feet
Desiccated page
Dexterous prayer scroll
Dharok's greataxe
Dharok's helm
Dharok's platebody
Dharok's platelegs
Digsite teleport
Dinh's bulwark
Dizana's quiver (uncharged)
Double ammo mould
Draconic visage
Dragon 2h sword
Dragon axe
Dragon boots
Dragon boots ornament kit
Dragon cane
Dragon chainbody
Dragon chainbody ornament kit
Dragon claws
Dragon defender
Dragon defender ornament kit
Dragon full helm
Dragon full helm ornament kit
Dragon harpoon
Dragon hunter crossbow
Dragon hunter wand
Dragon kiteshield ornament kit
Dragon knife
Dragon legs/skirt ornament kit
Dragon limbs
Dragon metal lump
Dragon metal slice
Dragon pickaxe
Dragon pickaxe (broken)
Dragon pickaxe upgrade kit
Dragon platebody ornament kit
Dragon scimitar ornament kit
Dragon spear
Dragon sq shield ornament kit
Dragon sword
Dragon thrownaxe
Dragon warhammer
Dragonbone necklace
Dragonstone boots
Dragonstone full helm
Dragonstone gauntlets
Dragonstone platebody
Dragonstone platelegs
Drake's claw
Drake's tooth
Dual sai
Dust battlestaff
Earth warrior champion scroll
Echo crystal
Ectoplasmator
Ecumenical key
Elder chaos hood
Elder chaos robe
Elder chaos top
Elder maul
Eldritch orb
Elidinis' ward
Elite void robe
Elite void top
Elven signet
Elysian sigil
Enchanted hat
Enchanted robe
Enchanted top
Enhanced crystal teleport seed
Enhanced crystal weapon seed
Eternal crystal
Eternal gem
Evil chicken feet
Evil chicken head
Evil chicken legs
Evil chicken wings
Executioner's axe head
Experimental note
Expert mining gloves
Explorer backpack
Eye of the corruptor
Eye of the duke
Fancy tiara
Fangs of venenatis
Farmer's boots
Farmer's boro trousers
Farmer's jacket
Farmer's strawhat
Fedora
Feldip hills teleport
Felling axe handle
Fighter hat
Fighter torso
Fine cloth
Fire cape
Fire element staff crown
Fish barrel
Fish sack
Flamtaer bag
Flared trousers
Flippers
Forestry boots
Forestry hat
Forestry legs
Forestry top
Fox whistle
Fremennik kilt
Fresh crab claw
Fresh crab shell
Frog slippers
Frog token
Frozen cache
Frozen tablet
Frozen tear
Frozen whip mix
Funky shaped log
Fury ornament kit
Gauntlet cape
Gem bag
Ghoul champion scroll
Ghrazi rapier
Giant boot
Giant champion scroll
Giant egg sac(full)
Giant key
Giant squirrel
Giantsoul amulet (uncharged)
Gilded 2h sword
Gilded axe
Gilded boots
Gilded chainbody
Gilded coif
Gilded d'hide body
Gilded d'hide chaps
Gilded d'hide vambraces
Gilded full helm
Gilded hasta
Gilded kiteshield
Gilded med helm
Gilded pickaxe
Gilded platebody
Gilded platelegs
Gilded plateskirt
Gilded scimitar
Gilded smile flag
Gilded spade
Gilded spear
Gilded sq shield
Glacial temotli
Gloves of darkness
Gnome goggles
Gnome scarf
Gnomish firelighter
Goblin champion scroll
Goblin mask
Godsword shard 1
Godsword shard 2
Godsword shard 3
Gold decorative body
Gold decorative boots
Gold decorative full helm
Gold decorative helm
Gold decorative legs
Gold decorative shield
Gold decorative skirt
Gold decorative sword
Gold elegant blouse
Gold elegant legs
Gold elegant shirt
Gold elegant skirt
Gold headband
Gold locks
Gold satchel
Golden apron
Golden armadyl special attack
Golden bandos special attack
Golden chef's hat
Golden pheasant egg
Golden saradomin special attack
Golden tench
Golden zamorak special attack
Graceful boots
Graceful cape
Graceful gloves
Graceful hood
Graceful legs
Graceful top
Grand seed pod
Granite body
Granite boots
Granite clamp
Granite dust
Granite gloves
Granite hammer
Granite helm
Granite legs
Granite longsword
Granite maul
Granite ring
Greater demon mask
Green boater
Green d'hide body (g)
Green d'hide body (t)
Green d'hide chaps (g)
Green d'hide chaps (t)
Green dark bow paint
Green dragon mask
Green elegant blouse
Green elegant legs
Green elegant shirt
Green elegant skirt
Green firelighter
Green headband
Green naval shirt
Green navy slacks
Green satchel
Green tricorn hat
Grey naval shirt
Grey navy slacks
Grey tricorn hat
Gricoller's can
Guardian's eye
Guthan's chainskirt
Guthan's helm
Guthan's platebody
Guthan's warspear
Guthix bracers
Guthix chaps
Guthix cloak
Guthix coif
Guthix crozier
Guthix d'hide body
Guthix d'hide boots
Guthix d'hide shield
Guthix full helm
Guthix halo
Guthix kiteshield
Guthix mitre
Guthix page 1
Guthix page 2
Guthix page 3
Guthix page 4
Guthix platebody
Guthix platelegs
Guthix plateskirt
Guthix robe legs
Guthix robe top
Guthix stole
Guthixian icon
Guthixian temple teleport
Half moon spectacles
Hallowed focus
Hallowed grapple
Hallowed hammer
Hallowed mark
Hallowed ring
Hallowed symbol
Hallowed token
Ham joint
Harmonised orb
Hastily scrawled note
Hat of the eye
Healer hat
Heavy frame
Hellpuppy
Herb sack
Herbi
Heron
Hespori seed
Highwayman mask
Hill giant club
Hobgoblin champion scroll
Holy blessing
Holy elixir
Holy ornament kit
Holy sandals
Holy wraps
Honourable blessing
Hood of darkness
Hosidius banner
Hosidius blueprints
Hosidius hood
Hosidius scarf
Huasca seed
Huberte
Hueycoatl hide
Hydra leather
Hydra tail
Hydra's claw
Hydra's eye
Hydra's fang
Hydra's heart
Iasor seed
Ice element staff crown
Ice quartz
Icthlarin's shroud (tier 1)
Icthlarin's shroud (tier 2)
Icthlarin's shroud (tier 3)
Icthlarin's shroud (tier 4)
Icthlarin's shroud (tier 5)
Ikkle hydra
Imbued heart
Imcando hammer
Imp champion scroll
Imp mask
Infernal cape
Infinity boots
Infinity bottoms
Infinity gloves
Infinity hat
Infinity top
Inquisitor's great helm
Inquisitor's hauberk
Inquisitor's mace
Inquisitor's plateskirt
Intricate pouch
Iorwerth camp teleport
Iron boots
Iron defender
Iron dragon mask
Iron full helm (g)
Iron full helm (t)
Iron kiteshield (g)
Iron kiteshield (t)
Iron platebody (g)
Iron platebody (t)
Iron platelegs (g)
Iron platelegs (t)
Iron plateskirt (g)
Iron plateskirt (t)
Jal-nib-rek
Jar of chemicals
Jar of darkness
Jar of decay
Jar of dirt
Jar of dreams
Jar of eyes
Jar of miasma
Jar of sand
Jar of smoke
Jar of souls
Jar of spirits
Jar of stone
Jar of swamp
Jar of venom
Jester cape
Jewel of the sun
Jogre champion scroll
Jungle demon mask
Justiciar chestguard
Justiciar faceguard
Justiciar legguards
Kalphite princess
Karamjan monkey
Karil's coif
Karil's crossbow
Karil's leatherskirt
Karil's leathertop
Katana
Kbd heads
Key master teleport
Kodai insignia
Kovac's grog
Kq head
Kraken tentacle
Kronos seed
Kruk jr
Kurask head
Large water container
Lava dragon mask
Lava staff upgrade kit
Leaf-bladed battleaxe
Leaf-bladed sword
Leather body (g)
Leather chaps (g)
Lederhosen hat
Lederhosen shorts
Lederhosen top
Left eye patch
Left skull half
Leprechaun hat
Lesser demon champion scroll
Lesser demon mask
Leviathan's lure
Light bow tie
Light frame
Light infinity colour kit
Light trousers
Light tuxedo cuffs
Light tuxedo jacket
Light tuxedo shoes
Lightbearer
Lil' creator
Lil' zik
Lil'viathan
Little nightmare
Log basket
Log brace
Long bone
Lost bag
Lovakengj banner
Lovakengj hood
Lovakengj scarf
Lucky shot flag
Lumberjack boots
Lumberjack hat
Lumberjack legs
Lumberjack top
Lumberyard teleport
Lunar isle teleport
Mage's book
Magic comp bow
Magic fang
Magma mutagen
Magus vestige
Malediction shard 1
Malediction shard 2
Malediction shard 3
Maniacal monkey
Mark of grace
Mask of ranul
Masori body
Masori chaps
Masori crafting kit
Masori mask
Master scroll book (empty)
Master wand
Menaphite ornament kit
Merfolk trident
Metamorphic dust
Mime boots
Mime gloves
Mime legs
Mime mask
Mime top
Mining gloves
Mint cake
Mist battlestaff
Mithril boots
Mithril defender
Mithril dragon mask
Mithril full helm (g)
Mithril full helm (t)
Mithril kiteshield (g)
Mithril kiteshield (t)
Mithril platebody (g)
Mithril platebody (t)
Mithril platelegs (g)
Mithril platelegs (t)
Mithril plateskirt (g)
Mithril plateskirt (t)
Mole claw
Mole skin
Mole slippers
Monk's robe (g)
Monk's robe (t)
Monk's robe top (g)
Monk's robe top (t)
Monkey tail
Monocle
Mort'ton teleport
Mos le'harmless teleport
Mossy key
Moxi
Mud battlestaff
Mudskipper hat
Mummy's body
Mummy's feet
Mummy's hands
Mummy's head
Mummy's legs
Muphin
Musketeer hat
Musketeer pants
Musketeer tabard
Musty smelling note
Mysterious page 1
Mysterious page 2
Mysterious page 3
Mysterious page 4
Mysterious page 5
Mystic boots (dark)
Mystic boots (dusk)
Mystic boots (light)
Mystic gloves (dark)
Mystic gloves (dusk)
Mystic gloves (light)
Mystic hat (dark)
Mystic hat (dusk)
Mystic hat (light)
Mystic robe bottom (dark)
Mystic robe bottom (dusk)
Mystic robe bottom (light)
Mystic robe top (dark)
Mystic robe top (dusk)
Mystic robe top (light)
Mystic vigour prayer scroll
Nardah teleport
Navy cavalier
Nexling
Nid
Nightmare staff
Nihil horn
Nihil shard
Noon
Noxious blade
Noxious point
Noxious pommel
Nunchaku
Obsidian cape
Obsidian cape (r)
Obsidian helmet
Obsidian platebody
Obsidian platelegs
Occult necklace
Occult ornament kit
Odium shard 1
Odium shard 2
Odium shard 3
Old demon mask
Old writing
Olmlet
Onyx
Orange boater
Orange egg sac
Ore pack (Giant's Foundry)
Ornate maul handle
Osmumten's fang
Pantaloons
Paragraph of text
Parasitic egg
Partial note
Peaceful blessing
Pearl barbarian rod
Pearl fishing rod
Pearl fly fishing rod
Pegasian crystal
Penance gloves
Penance skirt
Pendant of ates (inert)
Penguin mask
Pest control teleport
Pet chaos elemental
Pet dagannoth prime
Pet dagannoth rex
Pet dagannoth supreme
Pet dark core
Pet general graardor
Pet k'ril tsutsaroth
Pet kraken
Pet kree'arra
Pet penance queen
Pet smoke devil
Pet snakeling
Pet zilyana
Petal garland
Pharaoh's sceptre
Phasmatys flag
Pheasant boots
Pheasant cape
Pheasant hat
Pheasant legs
Phoenix
Pink boater
Pink elegant blouse
Pink elegant legs
Pink elegant shirt
Pink elegant skirt
Pink headband
Pirate's hat
Pirate's hook
Piscarilius banner
Piscarilius hood
Piscarilius scarf
Piscatoris teleport
Pith helmet
Plain satchel
Plank sack
Primordial crystal
Prince black dragon
Princely monkey
Prospector boots
Prospector helmet
Prospector jacket
Prospector legs
Purple boater
Purple elegant blouse
Purple elegant legs
Purple elegant shirt
Purple elegant skirt
Purple firelighter
Purple naval shirt
Purple navy slacks
Purple sweets
Purple tricorn hat
Pyromancer boots
Pyromancer garb
Pyromancer hood
Pyromancer robe
Rain bow
Ranger boots
Ranger gloves
Ranger hat
Rangers' tights
Rangers' tunic
Red beret
Red boater
Red cavalier
Red d'hide body (g)
Red d'hide body (t)
Red d'hide chaps (g)
Red d'hide chaps (t)
Red decorative body
Red decorative boots
Red decorative full helm
Red decorative helm
Red decorative legs
Red decorative shield
Red decorative skirt
Red decorative sword
Red dragon mask
Red elegant blouse
Red elegant legs
Red elegant shirt
Red elegant skirt
Red firelighter
Red headband
Red naval shirt
Red navy slacks
Red rum (trouble brewing)
Red satchel
Red soul cape
Red tricorn hat
Remnant of akkha
Remnant of ba-ba
Remnant of kephri
Remnant of zebak
Revenant cave teleport
Revenant ether
Rift guardian
Right skull half
Ring of 3rd age
Ring of coins
Ring of endurance (uncharged)
Ring of nature
Ring of the elements
Ring of the gods
Robe bottom of darkness
Robe bottoms of the eye
Robe top of darkness
Robe top of the eye
Robin hood hat
Rock golem
Rocky
Rogue boots
Rogue gloves
Rogue mask
Rogue top
Rogue trousers
Royal crown
Royal gown bottom
Royal gown top
Royal sceptre
Rune boots
Rune cane
Rune defender
Rune defender ornament kit
Rune dragon mask
Rune full helm (g)
Rune full helm (t)
Rune helm (h1)
Rune helm (h2)
Rune helm (h3)
Rune helm (h4)
Rune helm (h5)
Rune kiteshield (g)
Rune kiteshield (t)
Rune platebody (g)
Rune platebody (h1)
Rune platebody (h2)
Rune platebody (h3)
Rune platebody (h4)
Rune platebody (h5)
Rune platebody (t)
Rune platelegs (g)
Rune platelegs (t)
Rune plateskirt (g)
Rune plateskirt (t)
Rune satchel
Rune scimitar ornament kit (guthix)
Rune scimitar ornament kit (saradomin)
Rune scimitar ornament kit (zamorak)
Rune shield (h1)
Rune shield (h2)
Rune shield (h3)
Rune shield (h4)
Rune shield (h5)
Runner boots
Runner hat
Sagacious spectacles
Samurai boots
Samurai gloves
Samurai greaves
Samurai kasa
Samurai shirt
Sandwich lady bottom
Sandwich lady hat
Sandwich lady top
Sanguine dust
Sanguine ornament kit
Sanguinesti staff (uncharged)
Sarachnis cudgel
Saradomin banner
Saradomin bracers
Saradomin castlewars cloak
Saradomin castlewars hood
Saradomin chaps
Saradomin cloak
Saradomin coif
Saradomin crozier
Saradomin d'hide body
Saradomin d'hide boots
Saradomin d'hide shield
Saradomin full helm
Saradomin godsword ornament kit
Saradomin halo
Saradomin hilt
Saradomin kiteshield
Saradomin mitre
Saradomin page 1
Saradomin page 2
Saradomin page 3
Saradomin page 4
Saradomin platebody
Saradomin platelegs
Saradomin plateskirt
Saradomin robe legs
Saradomin robe top
Saradomin stole
Saradomin sword
Saradomin's light
Scarred tablet
Scorpia's offspring
Scribbled note
Scurrius' spine
Scurry
Scythe of vitur (uncharged)
Seed box
Seercull
Seers ring
Seren halo
Serpentine visage
Shadow quartz
Shaman mask
Shayzien banner
Shayzien body (5)
Shayzien boots (1)
Shayzien boots (2)
Shayzien boots (3)
Shayzien boots (4)
Shayzien boots (5)
Shayzien gloves (1)
Shayzien gloves (2)
Shayzien gloves (3)
Shayzien gloves (4)
Shayzien gloves (5)
Shayzien greaves (1)
Shayzien greaves (2)
Shayzien greaves (3)
Shayzien greaves (4)
Shayzien greaves (5)
Shayzien helm (1)
Shayzien helm (2)
Shayzien helm (3)
Shayzien helm (4)
Shayzien helm (5)
Shayzien hood
Shayzien platebody (1)
Shayzien platebody (2)
Shayzien platebody (3)
Shayzien platebody (4)
Shayzien scarf
Shield left half
Short note
Shoulder parrot
Silver locks
Sinhaza shroud tier 1
Sinhaza shroud tier 2
Sinhaza shroud tier 3
Sinhaza shroud tier 4
Sinhaza shroud tier 5
Siren's staff
Sirenic tablet
Skeletal visage
Skeleton champion scroll
Skeleton monkey
Skotos
Skull of vet'ion
Sleeping cap
Slepey tablet
Smithing catalyst
Smiths boots
Smiths gloves
Smiths trousers
Smiths tunic
Smoke battlestaff
Smoke quartz
Smol heredit
Smolcano
Smouldering stone
Soaked page
Soiled page
Spectral sigil
Spider cave teleport
Spiked manacles
Spirit angler boots
Spirit angler headband
Spirit angler top
Spirit angler waders
Spirit flakes
Spirit shield
Sraracha
Staff of bob the cat
Staff of the dead
Stale baguette
Star fragment
Steam battlestaff
Steam staff upgrade kit
Steel boots
Steel defender
Steel dragon mask
Steel full helm (g)
Steel full helm (t)
Steel kiteshield (g)
Steel kiteshield (t)
Steel locks
Steel platebody (g)
Steel platebody (t)
Steel platelegs (g)
Steel platelegs (t)
Steel plateskirt (g)
Steel plateskirt (t)
Strange old lockpick
Strangled tablet
Strength amulet (t)
Studded body (g)
Studded body (t)
Studded chaps (g)
Studded chaps (t)
Sturdy beehive parts
Sulphur blades
Sunfire fanatic chausses
Sunfire fanatic cuirass
Sunfire fanatic helm
Sunfire splinters
Superior mining gloves
Swift blade
Tackle box
Tai bwo wannai teleport
Tan cavalier
Tangleroot
Tanzanite fang
Tanzanite mutagen
Tarnished locket
Tea flask
Teacher wand
Team cape i
Team cape x
Team cape zero
Teleport anchoring scroll
Thammaron's sceptre (u)
The stuff
Thieving bag
Thread of elidinis
Tiny tempor
Toktz-ket-xil
Toktz-mej-tal
Toktz-xil-ak
Toktz-xil-ek
Toktz-xil-ul
Tome of earth (empty)
Tome of fire
Tome of water (empty)
Tonalztics of ralos (uncharged)
Top hat
Top of sceptre
Torag's hammers
Torag's helm
Torag's platebody
Torag's platelegs
Tormented ornament kit
Tormented synapse
Torn prayer scroll
Torture ornament kit
Torva full helm (damaged)
Torva platebody (damaged)
Torva platelegs (damaged)
Treasonous ring
Treasure flag
Tree wizards' journal
Trident of the seas (full)
Tumeken's guardian
Tumeken's shadow (uncharged)
Twisted ancestral colour kit
Twisted bow
Twisted buckler
Twitcher's gloves
Tyrannical ring
Tzhaar-ket-om
Tzhaar-ket-om ornament kit
Tzrek-jad
Ultor vestige
Uncharged trident
Uncut onyx
Unholy blessing
Unsired
Uri's hat
Varlamore graceful boots
Varlamore graceful cape
Varlamore graceful gloves
Varlamore graceful hood
Varlamore graceful legs
Varlamore graceful top
Venator shard
Venator vestige
Venenatis spiderling
Verac's brassard
Verac's flail
Verac's helm
Verac's plateskirt
Vet'ion jr.
Vial of blood
Victor's cape (1)
Victor's cape (10)
Victor's cape (100)
Victor's cape (1000)
Victor's cape (50)
Victor's cape (500)
Viggora's chainmace (u)
Virtus mask
Virtus robe bottom
Virtus robe top
Void knight gloves
Void knight mace
Void knight robe
Void knight top
Void mage helm
Void melee helm
Void ranger helm
Void seal(8)
Voidwaker blade
Voidwaker gem
Voidwaker hilt
Volatile orb
Volcanic mine teleport
Volcanic whip mix
Vorkath's head
Vorki
War blessing
Ward upgrade kit
Warm gloves
Warped sceptre (uncharged)
Warrior ring
White beret
White boater
White cavalier
White dark bow paint
White decorative body
White decorative boots
White decorative full helm
White decorative helm
White decorative legs
White decorative shield
White decorative skirt
White decorative sword
White elegant blouse
White elegant skirt
White firelighter
White headband
White unicorn mask
Willow comp bow
Wisp
Wizard boots
Wolf cloak
Wolf mask
Wooden shield (g)
Wyvern visage
Xeric's champion
Xeric's general
Xeric's guard
Xeric's sentinel
Xeric's talisman (inert)
Xeric's warrior
Yellow dark bow paint
Yew comp bow
Youngllef
Zalcano shard
Zamorak banner
Zamorak bracers
Zamorak castlewars cloak
Zamorak castlewars hood
Zamorak chaps
Zamorak cloak
Zamorak coif
Zamorak crozier
Zamorak d'hide body
Zamorak d'hide boots
Zamorak d'hide shield
Zamorak full helm
Zamorak godsword ornament kit
Zamorak halo
Zamorak hilt
Zamorak kiteshield
Zamorak mitre
Zamorak page 1
Zamorak page 2
Zamorak page 3
Zamorak page 4
Zamorak platebody
Zamorak platelegs
Zamorak plateskirt
Zamorak robe legs
Zamorak robe top
Zamorak stole
Zamorakian spear
Zaryte vambraces
Zealot's boots
Zealot's helm
Zealot's robe bottom
Zealot's robe top
Zenyte shard
Zombie boots
Zombie champion scroll
Zombie gloves
Zombie head
Zombie mask
Zombie monkey
Zombie shirt
Zombie trousers
Zul-andra teleport
Zulrah's scales"
`;
