// Vitest Snapshot v1, https://vitest.dev/guide/snapshot.html

exports[`OSB Collection Log Groups/Categories 1`] = `
"Abyssal Sire (9)
Achievement Diary (48)
Aerial Fishing (9)
Alchemical Hydra (11)
All Pets (56)
Barbarian Assault (11)
Barrows Chests (25)
Beginner Treasure Trails (16)
Brimhaven Agility Arena (8)
Bryophyta (1)
Callisto and Artio (6)
Camdozaal (10)
Capes (132)
Castle Wars (39)
Cerberus (7)
Chamber's of Xeric (23)
Champion's Challenge (11)
Chaos Druids (3)
Chaos Elemental (3)
Chaos Fanatic (3)
Chompy Birds (19)
Commander Zilyana (8)
Corporeal Beast (7)
Crazy archaeologist (3)
Creatables (643)
Creature Creation (7)
Cyclopes (8)
Dagannoth Kings (10)
Daily (25)
Duke Sucellus (10)
Easy Treasure Trails (131)
Elite Treasure Trail Rewards (Rare) (39)
Elite Treasure Trails (59)
Farming (141)
Fishing Trawler (4)
Forestry (12)
Fossil Island Notes (10)
General Graardor (8)
Giant Mole (3)
Giants' Foundry (9)
Glough's Experiments (6)
Gnome Restaurant (4)
God Wars Dungeon (35)
Graceful (60)
Grotesque Guardians (7)
Guardians of the Rift (17)
Hallowed Sepulchre (16)
Hard Treasure Trail Rewards (Rare) (24)
Hard Treasure Trails (134)
Hespori (4)
Implings (12)
K'ril Tsutsaroth (8)
Kalphite Queen (5)
King Black Dragon (4)
Kraken (4)
Kree'arra (8)
Last Man Standing (32)
Leagues (28)
Magic Training Arena (10)
Mahogany Homes (8)
Master Treasure Trail Rewards (Rare) (45)
Master Treasure Trails (49)
Medium Treasure Trails (115)
Miscellaneous (50)
Monkey Backpacks (6)
Motherlode Mine (6)
Nex (8)
Obor (1)
Pest Control (10)
Phantom Muspah (6)
Quest (17)
Random Events (23)
Rare Treasure Trail Rewards (108)
Revenants (14)
Rogues' Den (5)
Rooftop Agility (7)
Sarachnis (4)
Scorpia (3)
Shades of Mort'ton (14)
Shared Treasure Trail Rewards (49)
Shayzien Armour (25)
Shooting Stars (2)
Skilling (41)
Skilling Pets (8)
Skotizo (6)
Slayer (65)
Soul Wars (3)
Temple Trekking (4)
Tempoross (12)
The Fight Caves (2)
The Forgotten Four (40)
The Gauntlet (5)
The Inferno (3)
The Leviathan (10)
The Nightmare (12)
The Whisperer (10)
Theatre of Blood (17)
Thermonuclear smoke devil (5)
Tithe Farm (7)
Tombs of Amascut (26)
Trouble Brewing (30)
TzHaar (10)
Vardorvis (10)
Venenatis and Spindel (6)
Vet'ion and Calvar'ion (6)
Volcanic Mine (3)
Vorkath (6)
Wintertodt (10)
Zalcano (4)
Zulrah (10)"
`;
